// Jest Snapshot v1, https://goo.gl/fbAQLP

exports[`UserInfo.jsx snapshot renders correctly, falsy values 1`] = `
<div
  data-testid="button"
>
  dfb
</div>
`;
